// Vitest Snapshot v1, https://vitest.dev/guide/snapshot.html

exports[`lib/estimate/document/labels — state-tolerant golden parity (ENGINE-01) > LABELS content is locked permanently via snapshot 1`] = `
{
  "en": {
    "addDetails": "Add details",
    "addItem": "Add item",
    "addSection": "Add section",
    "balanceDue": "Balance Due",
    "billTo": "Bill To",
    "customized": "Customized",
    "date": "Date",
    "deposit": "Deposit",
    "depositAmount": "Amount",
    "depositNone": "None",
    "depositPct": "%",
    "description": "Description",
    "discount": "Discount",
    "discountFixed": "Fixed",
    "discountNone": "None",
    "discountPct": "% off",
    "estimate": "ESTIMATE",
    "estimateNum": "Estimate #",
    "estimateTerms": "Estimate Terms",
    "grandTotal": "Total",
    "lineDiscount": "Disc.",
    "noClient": "No client linked",
    "noMatches": "No matches",
    "notes": "Notes",
    "of": "of",
    "page": "Page",
    "paymentTerms": "Payment Terms",
    "photos": "Photos",
    "preparedBy": "Prepared by",
    "project": "Project",
    "qty": "Qty",
    "resetToDefault": "Reset to default",
    "searchPriceBook": "Search price book…",
    "sectionSubtotal": "Section Subtotal",
    "signedBy": "Signed by",
    "subtotal": "Subtotal",
    "summary": "Summary",
    "summaryPlaceholder": "Estimate summary…",
    "tax": "Tax",
    "taxable": "Tax",
    "termsPlaceholder": "Enter details…",
    "timeline": "Timeline",
    "total": "Total",
    "unit": "Unit",
    "unitPrice": "Unit Price",
    "usingDefault": "Default",
    "warranty": "Warranty",
  },
  "es": {
    "addDetails": "Agregar detalles",
    "addItem": "Agregar ítem",
    "addSection": "Agregar sección",
    "balanceDue": "Saldo Pendiente",
    "billTo": "Facturar A",
    "customized": "Personalizado",
    "date": "Fecha",
    "deposit": "Depósito",
    "depositAmount": "Monto",
    "depositNone": "Ninguno",
    "depositPct": "%",
    "description": "Descripción",
    "discount": "Descuento",
    "discountFixed": "Fijo",
    "discountNone": "Ninguno",
    "discountPct": "% off",
    "estimate": "PRESUPUESTO",
    "estimateNum": "Presupuesto Nº",
    "estimateTerms": "Términos del Presupuesto",
    "grandTotal": "Total",
    "lineDiscount": "Desc.",
    "noClient": "Sin cliente vinculado",
    "noMatches": "Sin resultados",
    "notes": "Notas",
    "of": "de",
    "page": "Página",
    "paymentTerms": "Términos de Pago",
    "photos": "Fotos",
    "preparedBy": "Preparado por",
    "project": "Proyecto",
    "qty": "Cant",
    "resetToDefault": "Restablecer",
    "searchPriceBook": "Buscar en catálogo…",
    "sectionSubtotal": "Subtotal de Sección",
    "signedBy": "Firmado por",
    "subtotal": "Subtotal",
    "summary": "Resumen",
    "summaryPlaceholder": "Resumen del presupuesto…",
    "tax": "Impuesto",
    "taxable": "Impuesto",
    "termsPlaceholder": "Ingrese los detalles…",
    "timeline": "Plazo",
    "total": "Total",
    "unit": "Unidad",
    "unitPrice": "Precio Unitario",
    "usingDefault": "Predeterminado",
    "warranty": "Garantía",
  },
  "pt": {
    "addDetails": "Adicionar detalhes",
    "addItem": "Adicionar item",
    "addSection": "Adicionar seção",
    "balanceDue": "Saldo Devedor",
    "billTo": "Faturar Para",
    "customized": "Personalizado",
    "date": "Data",
    "deposit": "Entrada",
    "depositAmount": "Valor",
    "depositNone": "Nenhum",
    "depositPct": "%",
    "description": "Descrição",
    "discount": "Desconto",
    "discountFixed": "Fixo",
    "discountNone": "Nenhum",
    "discountPct": "% off",
    "estimate": "ORÇAMENTO",
    "estimateNum": "Orçamento Nº",
    "estimateTerms": "Termos do Orçamento",
    "grandTotal": "Total",
    "lineDiscount": "Desc.",
    "noClient": "Nenhum cliente vinculado",
    "noMatches": "Sem resultados",
    "notes": "Observações",
    "of": "de",
    "page": "Página",
    "paymentTerms": "Condições de Pagamento",
    "photos": "Fotos",
    "preparedBy": "Preparado por",
    "project": "Projeto",
    "qty": "Qtd",
    "resetToDefault": "Restaurar padrão",
    "searchPriceBook": "Buscar no catálogo…",
    "sectionSubtotal": "Subtotal da Seção",
    "signedBy": "Assinado por",
    "subtotal": "Subtotal",
    "summary": "Resumo",
    "summaryPlaceholder": "Resumo do orçamento…",
    "tax": "Imposto",
    "taxable": "Imposto",
    "termsPlaceholder": "Insira os detalhes…",
    "timeline": "Prazo",
    "total": "Total",
    "unit": "Unidade",
    "unitPrice": "Preço Unitário",
    "usingDefault": "Padrão",
    "warranty": "Garantia",
  },
}
`;
